---
source: crates/mermaid-text/tests/regression_corpus.rs
assertion_line: 80
expression: constrained
---
                         places
┌───────────────────┐              ┌───────────────────────────┐
│     CUSTOMER      ┤1────────────*├           ORDER           ┤1┐
├───────────────────┤              ├───────────────────────────┤ │
│  string name      │              │  int    orderNumber   PK  │ │
│  string email PK  │              │  date   orderDate         │ │
└───────────────────┘              │  string customerEmail FK  │ │
                                   └───────────────────────────┘ │
                                                        contains │
                                                                 │
                                                                 │
┌───────────────────────┐                                        │
│       LINE-ITEM       ├+───────────────────────────────────────┘
├───────────────────────┤
│  string productCode   │
│  int    quantity      │
│  float  unitPrice     │
└───────────────────────┘
