---
source: crates/mermaid-text/tests/regression_corpus.rs
assertion_line: 72
expression: natural
---
                         places                              contains
┌──────────────────┐                ┌─────────────────────┐            ┌────────────────────┐
│     CUSTOMER     ├1──────────────*├        ORDER        ├+──────────+├        ITEM        ├*┐
├──────────────────┤                ├─────────────────────┤            ├────────────────────┤ │
│  int    id   PK  │                │  int id         PK  │            │  int orderId   FK  │ │
│  string name     │                │  int customerId FK  │            │  int productId FK  │ │
└──────────────────┘                └─────────────────────┘            └────────────────────┘ │
                                                                                    describes │
                                                                                         owns │
                            groups                                                      bills │
┌────────────────────────┐          ┌───────────────────┐      ┌─────────────┐                │
│        PRODUCT         ┤*────────1├     CATEGORY      │      │   ACCOUNT   ┤1───────────────│
├────────────────────────┤          ├───────────────────┤      ├─────────────┤                │
│  int    id         PK  │          │  int    id    PK  │      │  int id PK  │                │
│  string name           │          │  string label     │      └─────────────┘                │
│  int    categoryId FK  │          └───────────────────┘                                     │
└────────────────────────┘                                                                    │
                                                                                              │
                                                                                              │
                                                                                              │
┌─────────────┐                                                                               │
│   INVOICE   ┤1──────────────────────────────────────────────────────────────────────────────┘
├─────────────┤
│  int id PK  │
└─────────────┘
