---
source: crates/mermaid-text/tests/regression_corpus.rs
expression: natural
---
              ┌──────┐
              │ Idle │◂────┐
              └──────┘     │
                  │        │
                  │        │
                  │        │
                  │event   │
                  │        │
                  │        │
                ┌─┘        │
           ┌────▾────┐     │
           │ Running │     │retry
           └─────────┘     │
          ┌────┘ └────┐    │
          │           │    │
          │           │    │
     done │           │error
          │           │    │
          │           │    │
          │           │    │
      ┌───▾──┐   ┌────▾───┐│
      │ Done │   │ Failed ├┘
      └──────┘   └────────┘
