---
source: crates/mermaid-text/tests/regression_corpus.rs
expression: constrained
---
                                   ┌───────┐
                                  ▸│ Build │──────┐
                               yes│└───────┘      │
┌───────┐       ╱──────────╲──────┘               ▸┌────────┐
│ Start │──────▸│ Decision │   no                  │ Deploy │
└───────┘       ╲──────────╱──────┐               ▸└────────┘
                                  │┌──────┐       │
                                  ▸│ Skip │───────┘
                                   └──────┘
