---
source: crates/mermaid-text/tests/regression_corpus.rs
expression: constrained
---
 ╭─CI──────────────────────────────────────╮
 │                                         │    pass
 │ ┌──────┐       ┌───────┐       ┌──────┐━┼━━━━━━━━━━━━▸┌────────┐
 │ │ Lint │━━━━━━▸│ Build │━━━━━━▸│ Test │ │    skip     │ Deploy │
 │ └──────┘       └───────┘       └──────┘┄┼┄┄┄┄┄┄┄┄┄┄┄┄▸└────────┘
 │                                         │
 ╰─────────────────────────────────────────╯
