---
source: crates/mermaid-text/tests/regression_corpus.rs
expression: constrained
---
                       ╭─Services───────╮       ╭─Infra────────╮
                       │                │       │              │
                       │ ┌────────────┐─┼───────┼┐╭──────────╮ │
                       │▸│ API Server │ │       │▸│ ──────── │ │
                       ││└────────────┘─┼───────┼┐│ Postgres │ │
┌───────────────┐──────┼┘               │       ├▸╰──────────╯ │
│ Load Balancer │      │                │       ││             │
└───────────────┘──────┼┐               │       ││             │
                       ││┌────────┐─────┼───────┤│             │
                       │▸│ Worker │     │       ││╭───────╮    │
                       │ └────────┘│    │       │▸│ ───── │    │
                       │           │    │       │ │ Redis │    │
                       ╰────────────────╯───────┼▸╰───────╯    │
                                                │              │
                                                ╰──────────────╯
