---
source: crates/mermaid-text/tests/regression_corpus.rs
expression: natural
---


┌────────┐
│ Square │
└────────┘



╭───────╮
│ Round │
╰───────╯



╭──────────╮
(  Circle  )
╰──────────╯



╱─────────╲
│ Rhombus │
╲─────────╱



┌──────────────┐
││ Subroutine ││
└──────────────┘



╭──────────╮
│ ──────── │
│ Database │
╰──────────╯



╱───────────╲
<  Hexagon  >
╲───────────╱



╱─────────────────╱
│  Parallelogram  │
╱─────────────────╱



╲─────────────╲
│  BackSlash  │
╲─────────────╲



╱─────────────╲
│  Trapezoid  │
└─────────────┘



╲────────────────╱
│  InvTrapezoid  │
└────────────────┘



╭───────────╮
(  Stadium  )
╰───────────╯



┌──────────────┐
│  Asymmetric  ⟩
└──────────────┘
