---
source: crates/mermaid-text/tests/regression_corpus.rs
expression: natural
---
                      ╭──────────╮
                     ▸(  Circle  )────────┐
                     │╰──────────╯        │
┌─────────────┐──────┘                    ▸╱─────────╲
│ Square Rect │   Link text                │ Rhombus │
└─────────────┘──────┐                    ▸╲─────────╱
                     │╭────────────╮      │
                     ▸│ Round Rect │──────┘
                      ╰────────────╯
