---
source: crates/mermaid-text/tests/regression_corpus.rs
expression: natural
---
            ┌───┐
          ┌▸│ B │
          │ └───┘
          │
          │
          │
          │ ┌───┐
     ┌┄┄┄┄┼▸│ C │
     ┆    │ └───┘
     ┆    │
     ┆    │
     ┆    │
     ┆    │ ┌───┐
     ┆    │▸│ D │
     ┆    │┃└───┘
┌───┐└────┘┃
│ A │┏━━━━━┛
└───┘┣┄┄┄┄┄┐
     ┃     ┆┌───┐
labelled───▸│ E │
     ┃     ┆└───┘
     ┃     ┆
dashed label
     ┃     ┆
     ┃     ┆┌───┐
     ┃     ▸│ F │
     ┃      └───┘
     ┃
     ┃
     ┃
thick label ┌───┐
     ┗━━━━━▸│ G │
            └───┘
