---
source: crates/mermaid-text/tests/regression_corpus.rs
expression: natural
---
            ┌───┐
           ▸│ B │
           │└───┘
           │
           │
           │solid quoted
┌───┐──────┘┌───┐
│ A │┄┄┄┄┄┄▸│ C │
└───┘━━━━━━┓└───┘
       dashed quoted
           ┃
           ┃
thick quoted┌───┐
           ▸│ D │
            └───┘
