---
source: crates/mermaid-text/tests/regression_corpus.rs
expression: constrained
---
                                 ┌───────┐
┌────────┐──────┐┌───────┐──────▸│ Gate2 │───────▸┌──────┐
│ Source │      ▸│ Gate1 │       └───────┘       ▸│ Dest │
└────────┘─┐     └───────┘────edge label─────────▸└──────┘
           └─────────────────────────────────────┘
