---
source: crates/mermaid-text/tests/regression_corpus.rs
expression: natural
---
Gantt: Software Release v2 (2024-01-01 → 2024-02-12, 43 days)

                  01-01     01-11     01-21     01-31     02-

Design
  Research        ███████░░░░░░░░░░░░░░░░░░░░░░░░░░░░░░░░░░░░  [01-01 → 01-07, 7d]
  Wireframes      ░░░░░░░█████░░░░░░░░░░░░░░░░░░░░░░░░░░░░░░░  [01-08 → 01-12, 5d]

Development
  Backend         ░░░░░░░░░░░░██████████████░░░░░░░░░░░░░░░░░  [01-13 → 01-26, 14d]
  Frontend        ░░░░░░░░░░░░░░░░░░░░░░░░░░██████████░░░░░░░  [01-27 → 02-05, 10d]

QA
  Testing         ░░░░░░░░░░░░░░░░░░░░░░░░░░░░░░░░░░░░███████  [02-06 → 02-12, 7d]
