---
source: crates/mermaid-text/tests/regression_corpus.rs
expression: natural
---
                                           ╭─────────╮
                                          ▸│ Branch1 │──────┐
                                          │╰─────────╯      │
                                          │                 │
                             positive     │                 │
                                 ███      │                 │███       ╭───────╮
╭─────╮       ╱──────────╲──────┐███──────┘╭─────────╮      ▸███      ▸│╭─────╮│
(  ●  )──────▸│ Decision │      ▸███      ▸│ Branch2 │──────┐███──────┤││  ●  ││
╰─────╯       ╲──────────╱─┐     ███──────┘╰─────────╯      ▸███      ▸│╰─────╯│
                           │     ███                         ███      │╰───────╯
                           └─────────────────────────────────negative─┘
