---
source: crates/mermaid-text/tests/regression_corpus.rs
expression: constrained
---
           ╭──────────────────────╮    ╭─────────────────────╮                                     ╭─────────────────╮
╭─────╮    │  All DB calls pass   │────│  DB calls skipped   │─────────────────────────────────────│ One probe call  │
(  ●  )───┐│       through        │    │  (sleep for probe   │                                    ▸│ allowed through │
╰─────╯   ▸│ Counting consecutive │───▸│      interval)      │────────────────────────────────────┘╰─────────────────╯
           │       failures       │    │ No writes attempted │                  probe interval elapsed      ┘
           ╰───────────▴──────────╯    ╰──────────▴──────────╯                               probe fails (increased backoff)
                                    5 consecutive failures──────────────────────────────────────────────────┘
                        probe succeeds
