---
source: crates/mermaid-text/tests/regression_corpus.rs
assertion_line: 80
expression: constrained
---
 ╭─Active──────────────────────────────────────────────────╮
 │┌──────────────────────────EvNumLockPressed─────────────┐│
 ││╭────────────╮                           ╭───────────╮ ││
 │││ NumLockOff │──────────────────────────▸│ NumLockOn │ ││
 ││╰──────▴─────╯                           ╰───────────╯ ││
 │└───────┘                                       ┘───────┘│
 │ EvNumLockPressed                                        │
 │                            EvCapsLockPressed            │
 │ ╭─────────────╮                          ╭────────────╮ │
 │ │ CapsLockOff │─────────────────────────▸│ CapsLockOn │ │
 │ ╰──────▴──────╯                          ╰────────────╯ │
 │        └────────────────────────────────────────┘       │
 ╰─────────────────────────────────────────────────────────╯
                                           EvCapsLockPressed
