---
source: crates/mermaid-text/tests/regression_corpus.rs
expression: constrained
---
  ╭─Outer───────────────────╮
  │                         │
  │ ╭─Inner───────────────╮ │
  │ │                     │ │
  │ │ ╭───╮         ╭───╮ │ │
  │ │ │ A │────────▸│ B │ │ │
  │ │ ╰───╯         ╰───╯ │ │
  │ │                     │ │
  │ ╰─────────────────────╯ │
  │                         │
  │                         │
  │                         │
  │                         │
  │                         │
  │   ╭───────╮             │
  │   │ Other │             │
  │   ╰───▴───╯             │
  │       │                 │
  ╰─────────────────────────╯
