---
source: crates/mermaid-text/tests/regression_corpus.rs
expression: natural
---
                            start
╭─────╮       ╭──────╮─────────────┐╭─────────╮      pause    ╭────────╮
(  ●  )──────▸│ Idle │             ▸│ Running │──────────────▸│ Paused │
╰─────╯       ╰───▴──╯│             ╰────▴────╯               ╰────────╯
                  │   │                  ┴┐                        ┘────┐
                  │   │                  ││                   ╭───────╮ │
                  │   │                  ││                   │╭─────╮│ │
                  │   └──────────────────┼┼──────────────────▸││  ●  ││ │
                  │                      ││                   │╰─────╯│ │
                  │                    stop                   ╰───────╯ │
                  └──────────────────────┘└─────────────────────────────┘
                                                                     resume
