---
source: crates/mermaid-text/tests/regression_corpus.rs
expression: natural
---
                                   ╭──────╮
                                  ▸│ Pass │─────────┐
                                  │╰──────╯         │
                                  │                 │
                                  │                 │
                               ok │                 │╭──────╮
              ╱────────────╲──────┘╭──────╮         ▸│ Done │────────┐
             ▸│ named_cond │      ▸│ Fail ││         ╰──────╯        │
             │╲────────────╱──────┘╰──────╯│                         │╭───────╮
╭─────╮──────┘                 error       └─────────────────────────▸│╭─────╮│
(  ●  )                                                             ┌▸││  ●  ││
╰─────╯──────┐            start                                     │▸│╰─────╯│
             │╱──╲────────────────┐╭──────╮                         ││╰───────╯
             ▸│  │        stop    ▸│ Open │─────────────────────────┘│
              ╲──╱────────────────┐╰──────╯                          │
                                  │                                  │
                                  │                                  │
                                  │                                  │
                                  │╭────────╮                        │
                                  ▸│ Closed │────────────────────────┘
                                   ╰────────╯
