---
source: crates/mermaid-text/tests/regression_corpus.rs
expression: natural
---
                                    ╭────────╮
                                   ▸│ Cached │──────┐
                                hit│╰────────╯      │╭───────╮
╭─────╮       ╱─────────────╲──────┘                ▸│╭─────╮│
(  ●  )──────▸│ route_check │   miss                 ││  ●  ││
╰─────╯       ╲─────────────╱──────┐                ▸│╰─────╯│
                                   │╭────────╮      │╰───────╯
                                   ▸│ Origin │──────┘
                                    ╰────────╯
