---
source: crates/mermaid-text/tests/regression_corpus.rs
expression: constrained
---
               ╭─Active─────────────────────────────────────────╮
               │                                       done     │
╭─────╮        │ ╭─────╮       ╭──────╮     task    ╭─────────╮ │
(  ●  )────────┼▸(  ●  )──────▸│ Idle │────────────▸│ Working │ │
╰─────╯        │ ╰─────╯       ╰───▴──╯             ╰─────────╯ │
               │                   └─────────────────────┘      │
               ╰────────────────────────────────────────────────╯
