---
source: crates/mermaid-text/tests/regression_corpus.rs
expression: natural
---
Timeline: History of Social Media

── 2002-2004 ─────────────────────────────────────
  2002 ●── LinkedIn
  2003 ●── MySpace launched
  2004 ●── Facebook
       └── Google goes public

── 2005-2008 ─────────────────────────────────────
  2005 ●── YouTube
  2006 ●── Twitter
  2007 ●── iPhone
       └── Tumblr
