---
source: crates/mermaid-text/tests/regression_corpus.rs
expression: constrained
---
Timeline: Key Technology Milestones

  1991 ●── World Wide Web
  1993 ●── Mosaic browser

── Late 90s ──────────────────────────────────────
  1995 ●── JavaScript
       └── Java applets
  1998 ●── Google founded

── 2000s ─────────────────────────────────────────
  2001 ●── Wikipedia
  2004 ●── Gmail
  2007 ●── iPhone
