---
source: crates/mermaid-text/tests/snapshots.rs
expression: out
---
 ┌──────┐        ┌──────┐
 │  A   │        │  B   │
 └──────┘        └──────┘
     ┆ hi            ┆
     ────────────────▸
     ┆               ┆
╔═[opt]══[cache hit]══════╗
║░░░░┆░cached░░░░░░░░┆░░░░║
║░░░░◂────────────────░░░░║
║░░░░┆░░░░░░░░░░░░░░░┆░░░░║
╚═════════════════════════╝
     ┆               ┆
 ┌──────┐        ┌──────┐
 │  A   │        │  B   │
 └──────┘        └──────┘
