---
source: crates/mermaid-text/tests/snapshots.rs
expression: out
---
 ┌──────┐      ┌──────┐
 │  A   │      │  B   │
 └──────┘      └──────┘
     ┆             ┆
╔═[alt]══[success]══════╗
║░░░░┆░ok░░░░░░░░░░┆░░░░║
║░░░░──────────────▸░░░░║
║░░░░┆░░░░░░░░░░░░░┆░░░░║
╠┄[failure]┄┄┄┄┄┄┄┄┄┄┄┄┄╣
║░░░░┆░fail░░░░░░░░┆░░░░║
║░░░░──────────────▸░░░░║
║░░░░┆░░░░░░░░░░░░░┆░░░░║
╚═══════════════════════╝
     ┆             ┆
 ┌──────┐      ┌──────┐
 │  A   │      │  B   │
 └──────┘      └──────┘
