---
source: crates/mermaid-text/tests/snapshots.rs
expression: out
---
 ┌──────┐    ┌──────┐
 │  A   │    │  B   │
 └──────┘    └──────┘
     ┆ m1        ┆
     ────────────▸
     ┆           ██
     ┆           ├──────┐
     ┆           █m2    │
     ┆           ├◂─────┘
     ┆ r2        ██ ██
     ◂┄┄┄┄┄┄┄┄┄┄┄┄█ ██
     ┆ r1        ██
     ◂┄┄┄┄┄┄┄┄┄┄┄┄█
     ┆           ┆
 ┌──────┐    ┌──────┐
 │  A   │    │  B   │
 └──────┘    └──────┘
