---
source: crates/mermaid-text/tests/snapshots.rs
assertion_line: 208
expression: out
---
  ┌────────────────────────────────────────┐
  │ "This is a very long label that should │
  │    be soft-wrapped by the renderer"    │
  └────────────────────────────────────────┘
                       │
                       │
                       │
                       │
                       │
                   ┌───▾──┐
                   │ Done │
                   └──────┘
