---
source: crates/mermaid-text/tests/snapshots.rs
assertion_line: 975
expression: out
---
                       places               contains
┌───────────────────┐          ┌─────────┐            ┌─────────────┐
│     CUSTOMER      ┤1────────*├  ORDER  ┤1──────────+├  LINE-ITEM  │
├───────────────────┤          └─────────┘            └─────────────┘
│  string name      │
│  string email PK  │
└───────────────────┘
