---
source: crates/mermaid-text/tests/snapshots.rs
expression: out
---
╭─Alpha─────────────────────────────────╮   ╭─Beta───────╮
│                                       │   │            │
│ ┌───────┐                             │   │ ┌───────┐  │
│ │ Short │                             │   │ │ Short │  │
│ └───────┘                             │   │ └───────┘  │
│     └─────────────┐                   │   │     └┐     │
│                   │                   │   │      │     │
│                   │                   │   │      │     │
│                   │                   │   │      │     │
│                   │                   │   │      │     │
│                   │                   │   │      │     │
│ ┌─────────────────▾─────────────────┐ │   │  ┌───▾───┐ │
│ │ A very wide label that forces the │ │   │  │ Short │ │
│ │    subgraph border to be wide     │ │   │  └───────┘ │
│ └───────────────────────────────────┘ │   │      │     │
│     ┌─────────────┘                   │   │      │     │
│     │                                 │   │      │     │
│     │                                 │   │      │     │
│     │                                 │   │      │     │
│     │                                 │   │      │     │
│     │                                 │   │     ┌┘     │
│ ┌───▾───┐                             │   │ ┌───▾───┐  │
│ │ Short │                             │   │ │ Short │  │
│ └───────┘                             │   │ └───────┘  │
│                                       │   │            │
╰───────────────────────────────────────╯   ╰────────────╯
