---
source: crates/mermaid-text/tests/snapshots.rs
assertion_line: 177
expression: out
---
╭─Outer─────╮
│           │
│ ╭─Inner─╮ │
│ │       │ │
│ │ ┌───┐ │ │
│ │ │ A │ │ │
│ │ └───┘ │ │
│ │   │   │ │
│ │   │   │ │
│ │   │   │ │
│ │   │   │ │
│ │   │   │ │
│ │ ┌─▾─┐ │ │
│ │ │ B │ │ │
│ │ └───┘ │ │
│ │   │   │ │
│ ╰───────╯ │
│     │     │
│     │     │
│     │     │
│     │     │
│     │     │
│   ┌─▾─┐   │
│   │ C │   │
│   └───┘   │
│     │     │
╰───────────╯
      │
      │
      │
      │
      │
    ┌─▾─┐
    │ D │
    └───┘
