---
source: crates/mermaid-text/tests/snapshots.rs
expression: out
---
A  █████████████████░░░░░░░░░░░░░░░░░░░░░░░░░░░░░░░░░░░░░░░░░░░░░░░░░░░░   25.0%
B  █████████████████░░░░░░░░░░░░░░░░░░░░░░░░░░░░░░░░░░░░░░░░░░░░░░░░░░░░   25.0%
C  ███████████████████████████████████░░░░░░░░░░░░░░░░░░░░░░░░░░░░░░░░░░   50.0%
