---
source: crates/mermaid-text/tests/snapshots.rs
expression: out
---
┌─[Frontend]──────────────┐
 ┌──────┐        ┌──────┐       ┌───────┐
 │  U   │        │  W   │       │  API  │
 └──────┘        └──────┘       └───────┘
     ┆ render        ┆              ┆
     ────────────────▸              ┆
     ┆               ┆ fetch        ┆
     ┆               ───────────────▸
     ┆               ┆              ┆
 ┌──────┐        ┌──────┐       ┌───────┐
 │  U   │        │  W   │       │  API  │
 └──────┘        └──────┘       └───────┘
└─────────────────────────┘
