---
source: crates/mermaid-text/tests/snapshots.rs
expression: out
---
 ┌──────┐    ┌──────┐
 │  A   │    │  B   │
 └──────┘    └──────┘
     ┆ go        ┆
     ────────────▸
     ┆           ┆
    ╭─────────────╮
    │ first line  │
    │ second line │
    │ third line  │
    ╰─────────────╯
     ┆           ┆
 ┌──────┐    ┌──────┐
 │  A   │    │  B   │
 └──────┘    └──────┘
