---
source: crates/mermaid-text/tests/snapshots.rs
expression: out
---
          ┌───┐
      ┌──▸│ B │
      │   └───┘
      │
      │
      │
      │   ┌───┐
     ┌┼┄┄▸│ C │
     ┆│   └───┘
     ┆│
     ┆│
     ┆│
     ┆│   ┌───┐
     ┆│  ▸│ D │
     ┆│  ┃└───┘
     ┆│  ┃
     ┆│  ┃
     ┆│  ┃
┌───┐┗┻━━┛┌───┐
│ A │─────│ E │
└───┘◂┬──┐└───┘
     ││  │
     ││  │
     ││  │
     ││  │┌───┐
     ││  ▸│ F │
     ││   └───┘
     ││
     ││
     ││
     ││   ┌───┐
     └┼──○│ G │
      │   └───┘
      │
      │
      │
      │   ┌───┐
      └──×│ H │
          └───┘
