---
source: crates/mermaid-text/tests/snapshots.rs
assertion_line: 2149
expression: out
---
╭─────────╮
│ mindmap │
╰────┬────╯
     │
     ├── Origins
     │   ├── Long history
     │   └── Popularisation
     │       └── British popular psychology author Tony Buzan
     ├── Research
     │   ├── On effectiveness and features
     │   └── On Automatic creation
     │       └── Uses
     │           ├── Creative techniques
     │           ├── Strategic planning
     │           └── Argument mapping
     └── Tools
         ├── Pen and paper
         └── Mermaid
