---
source: crates/mermaid-text/tests/snapshots.rs
assertion_line: 2421
expression: out
---
Sales Revenue

Revenue (in $)
11000 ┤                           ╭──██●█───╮
      ┤                      ╭──██●█ ████   │
      ┤                      │  ████ ████ ██●█───╮
      ┤                      │  ████ ████ ████   │
      ┤                 ╭──██●█ ████ ████ ████   │
 9250 ┤                 │  ████ ████ ████ ████ ██●█───╮
      ┤                 │  ████ ████ ████ ████ ████   │
      ┤                 │  ████ ████ ████ ████ ████ ██●█───╮
      ┤            ╭──██●█ ████ ████ ████ ████ ████ ████   │
      ┤            │  ████ ████ ████ ████ ████ ████ ████   │
 7500 ┤       ╭──██●█ ████ ████ ████ ████ ████ ████ ████   │
      ┤       │  ████ ████ ████ ████ ████ ████ ████ ████ ██●█───╮
      ┤       │  ████ ████ ████ ████ ████ ████ ████ ████ ████   │
      ┤       │  ████ ████ ████ ████ ████ ████ ████ ████ ████   │
      ┤  ╭──██●█ ████ ████ ████ ████ ████ ████ ████ ████ ████ ██●█
 5750 ┤  │  ████ ████ ████ ████ ████ ████ ████ ████ ████ ████ ████
      ┤  │  ████ ████ ████ ████ ████ ████ ████ ████ ████ ████ ████
      ┤██●█ ████ ████ ████ ████ ████ ████ ████ ████ ████ ████ ████
      ┤████ ████ ████ ████ ████ ████ ████ ████ ████ ████ ████ ████
      ┤████ ████ ████ ████ ████ ████ ████ ████ ████ ████ ████ ████
 4000 ┤
      └────┬────┬────┬────┬────┬────┬────┬────┬────┬────┬────┬─────
        jan  feb  mar  apr  may  jun  jul  aug  sep  oct  nov  dec
