---
source: crates/mermaid-text/tests/snapshots.rs
expression: alpha
---
 ┌──────┐     ┌──────┐
 │  A   │     │  B   │
 └──────┘     └──────┘
     ┆            ┆
     ┆            ┆
 ░░░░┆░msg░░░░░░░░┆░░░░
 ░░░░─────────────▸░░░░
 ░░░░┆░░░░░░░░░░░░┆░░░░
     ┆            ┆
     ┆            ┆
 ┌──────┐     ┌──────┐
 │  A   │     │  B   │
 └──────┘     └──────┘
