---
source: crates/mermaid-text/tests/snapshots.rs
expression: out
---
 ╭─Supervisor───────────╮
 │                      │
 │ ┌─────────┐          │
 │ │ Factory │◂         │
 │ └─────────┘│         │
 │      │creates        │
 │      │     │panics   │
 │ ┌────▾───┐ │         │
 │ │ Worker ├┌┘   beat  │       ┌───────────┐       ┌──────────┐
 │ └────────┘└──────────┼──────▸│ Heartbeat │──────▸│ Watchdog │
 │                      │       └───────────┘       └──────────┘
 ╰──────────────────────╯
