---
source: crates/mermaid-text/tests/snapshots.rs
expression: out
---
Journey: My working day

  Go to work
   ├─ Make tea       [★★★★★] (5/5) — Me
   ├─ Go upstairs    [★★★☆☆] (3/5) — Me
   └─ Do work        [★☆☆☆☆] (1/5) — Me, Cat

  Go home
   ├─ Go downstairs    [★★★★★] (5/5) — Me
   └─ Sit down         [★★★☆☆] (3/5) — Me
