---
source: crates/mermaid-text/tests/snapshots.rs
expression: out
---
   ┌───┐       ┌─────┐
   │ A │──────▸│ Sub │
 ╭─└ub─┘─╮     └─────┘
 │       │
 │ ┌───┐ │
 │ │ X │ │
 │ └───┘ │
 │   │   │
 │   │   │
 │ ┌─▾─┐ │
 │ │ Y │ │
 │ └───┘ │
 │   │   │
 │   │   │
 │ ┌─▾─┐ │
 │ │ Z │ │
 │ └───┘ │
 │       │
 ╰───────╯
