---
source: crates/mermaid-text/tests/snapshots.rs
expression: out
---
                                    Planets

Mercury  [38;2;86;180;233m███████████[0m░░░░░░░░░░░░░░░░░░░░░░░░░░░░░░░░░░░░░░░░░░░░░░░░░░░░   16.7%
Venus    [38;2;230;97;0m█████████████████████[0m░░░░░░░░░░░░░░░░░░░░░░░░░░░░░░░░░░░░░░░░░░   33.3%
Earth    [38;2;0;158;115m████████████████████████████████[0m░░░░░░░░░░░░░░░░░░░░░░░░░░░░░░░   50.0%
