---
source: crates/mermaid-text/tests/snapshots.rs
expression: out
---
 ┌────────┐             ┌───────┐
 │  User  │             │  API  │
 └────────┘             └───────┘
      ┆                     ┆
     ╭───────────────────────╮
     │ Authentication flow   │
     ╰───────────────────────╯
      ┆ POST /login         ┆
      ──────────────────────▸
      ┆                     ┆
 ┌────────┐             ┌───────┐
 │  User  │             │  API  │
 └────────┘             └───────┘
