---
source: crates/mermaid-text/tests/snapshots.rs
expression: out
---
 ┌──────┐      ┌──────┐
 │  A   │      │  B   │
 └──────┘      └──────┘
     ┆             ┆
╔═[loop]══[forever]═════╗
║░░░░┆░tick░░░░░░░░┆░░░░║
║░░░░──────────────▸░░░░║
║░░░░┆░░░░░░░░░░░░░┆░░░░║
╚═══════════════════════╝
     ┆             ┆
 ┌──────┐      ┌──────┐
 │  A   │      │  B   │
 └──────┘      └──────┘
