---
source: crates/mermaid-text/tests/snapshots.rs
expression: out
---
  ┌───────────┐   ╭─────────╮   ╱─────────╲   ╭──────────╮   ╭───────────╮   ┌──────────────┐   ╭──────────╮   ╱───────────╲   ┌──────────────┐   ╱─────────────────╱   ╱─────────────╲   ╭──────────────────╮
  │ Rectangle │   │ Rounded │   │ Diamond │   (  Circle  )   (  Stadium  )   ││ Subroutine ││   │ ──────── │   <  Hexagon  >   │  Asymmetric  ⟩   │  Parallelogram  │   │  Trapezoid  │   │╭────────────────╮│
  └───────────┘   ╰─────────╯   ╲─────────╱   ╰──────────╯   ╰───────────╯   └──────────────┘   │ Cylinder │   ╲───────────╱   └──────────────┘   ╱─────────────────╱   └─────────────┘   ││  DoubleCircle  ││
                                                                                                ╰──────────╯                                                                              │╰────────────────╯│
                                                                                                                                                                                          ╰──────────────────╯
