---
source: crates/mermaid-text/tests/snapshots.rs
expression: out
---
 ┌──────┐             ┌──────┐
 │  A   │             │  B   │
 └──────┘             └──────┘
     ┆ outer call         ┆
     ─────────────────────▸
     ┆ inner call         ██
     ─────────────────────▸█
     ┆ inner reply        ██ ██
     ◂─────────────────────█ ██
     ┆ outer reply        ██
     ◂─────────────────────█
     ┆                    ┆
 ┌──────┐             ┌──────┐
 │  A   │             │  B   │
 └──────┘             └──────┘
