---
source: crates/mermaid-text/tests/snapshots.rs
expression: out
---
                                               ┌──────────────────────────────────────────────────────────────────────────────────────────────────────────────┐
                                               │                                                                                             ╭────────────────────────────────╮
╭─────╮       ╭───────────────────────────────╮│      ╭─────────────────────────────────────────────╮                                       ▸│ One probe call allowed through │
(  ●  )──────┐│   All DB calls pass through   ││      │ DB calls skipped (sleep for probe interval) │                                       │╰────────────────────────────────╯
╰─────╯      ▸│ Counting consecutive failures │├─────▸│             No writes attempted             │───────────────────────────────────────┘                 ┘
              ╰───────────────▴───────────────╯│      ╰──────────────────────▴──────────────────────╯                   probe interval elapsed probe fails (increased backoff)
                              └────────────────┘ 5 consecutive failures      └────────────────────────────────────────────────────────────────────────────────┘
                                        probe succeeds
