---
source: crates/mermaid-text/tests/snapshots.rs
expression: out
---
TCP Packet

 0                                               16                                           31
┌───────────────────────────────────────────────┬───────────────────────────────────────────────┐
│                  Source Port                  │               Destination Port                │
 32                                              48                                           63
├───────────────────────────────────────────────────────────────────────────────────────────────┤
│                                        Sequence Number                                        │
 64                                              80                                           95
├───────────────────────────────────────────────────────────────────────────────────────────────┤
│                                     Acknowledgment Number                                     │
 96                                              112                                          127
├───────────┼─────────────────┼──┼──┼──┼──┼──┼──┼───────────────────────────────────────────────┤
│Data Offset│    Reserved     │U…│A…│P…│R…│S…│F…│                    Window                     │
 128                                             144                                          159
├───────────────────────────────────────────────┼───────────────────────────────────────────────┤
│                   Checksum                    │                Urgent Pointer                 │
 160                                             176                                          191
├───────────────────────────────────────────────────────────────────────────────────────────────┤
│                                     (Options and Padding)                                     │
 192                                             208                                          223
├───────────────────────────────────────────────────────────────────────────────────────────────┤
│                                    Data (variable length)                                     │
└───────────────────────────────────────────────────────────────────────────────────────────────┘
