---
source: crates/mermaid-text/tests/snapshots.rs
assertion_line: 788
expression: out
---
 ╭─Active───────────────────╮
 │                          │
 │ ╭──────╮     ╭─────────╮ │
 │ │ Idle │────▸│ Working │ │
 │ ╰───▴──╯     ╰─────────╯ │
 │     └─────────────┘      │
 ╰──────────────────────────╯
