---
source: crates/mermaid-text/tests/snapshots.rs
expression: out
---
┌────────────────────────┐
│         Shape          │
├────────────────────────┤
│  +color String         │
│  +area() double*       │
│  +perimeter() double*  │
│  +reset() $ void       │
└────────────△───────────┘
             │
             │
             │
             │
┌────────────┼───────────┐
│         Circle         │
├────────────────────────┤
│  +radius double        │
│  +area() double*       │
│  +perimeter() double*  │
└────────────────────────┘
