---
source: crates/mermaid-text/tests/snapshots.rs
expression: out
---
 ┌──────┐   ┌──────┐
 │  A   │   │  B   │
 └──────┘   └──────┘
     ┆          ┆
╔═[loop]══[outer]════╗
║░░░░┆░░░░░░░░░░┆░░░░║
╔═[alt]══[branch a]══╗
║░░░░┆░a░░░░░░░░┆░░░░║
║░░░░───────────▸░░░░║
║░░░░┆░░░░░░░░░░┆░░░░║
╠┄[branch b]┄┄┄┄┄┄┄┄┄╣
║░░░░┆░b░░░░░░░░┆░░░░║
║░░░░───────────▸░░░░║
║░░░░┆░░░░░░░░░░┆░░░░║
╚════════════════════╝
║░░░░┆░░░░░░░░░░┆░░░░║
╚════════════════════╝
     ┆          ┆
 ┌──────┐   ┌──────┐
 │  A   │   │  B   │
 └──────┘   └──────┘
