---
source: crates/mermaid-text/tests/snapshots.rs
expression: opaque
---
 ┌──────┐     ┌──────┐
 │  A   │     │  B   │
 └──────┘     └──────┘
     ┆            ┆
     ┆            ┆
 ▓▓▓▓┆▓msg▓▓▓▓▓▓▓▓┆▓▓▓▓
 ▓▓▓▓─────────────▸▓▓▓▓
 ▓▓▓▓┆▓▓▓▓▓▓▓▓▓▓▓▓┆▓▓▓▓
     ┆            ┆
     ┆            ┆
 ┌──────┐     ┌──────┐
 │  A   │     │  B   │
 └──────┘     └──────┘
