---
source: crates/mermaid-text/tests/snapshots.rs
expression: out
---
            ╭───────╮
            │ ───── │
           ▸│ Redis │
           │╰───────╯
           │
           │
           │                                ╭────────────╮
┌─────┐────┘╭──────────╮     ┌────────┐   ┌▸│ ────────── │
│ App │────┐│ ──────── │    ▸│ Worker │───┘▸│ PostgreSQL │
└─────┘─┐  ▸│ RabbitMQ │────┘└────────┘    │╰────────────╯
        │   ╰──────────╯                   │
        └──────────────────────────────────┘
