---
source: crates/mermaid-text/tests/snapshots.rs
expression: out
---
 ┌────────┐             ┌───────┐
 │  User  │             │  API  │
 └────────┘             └───────┘
      ┆ POST /audit         ┆
      ──────────────────────▸
      ┆                     ┆
      ┆ ╭─────────────────╮ ┆
      ┆ │ audit log entry │ ┆
      ┆ │ recorded async  │ ┆
      ┆ ╰─────────────────╯ ┆
      ┆                     ┆
 ┌────────┐             ┌───────┐
 │  User  │             │  API  │
 └────────┘             └───────┘
