---
source: crates/mermaid-text/tests/snapshots.rs
assertion_line: 2438
expression: out
---
┌─────────┐ ┌─────────┐
│ A label │ │    b    │
└─────────┘ └─────────┘
                 ▼
┌─────────┐ ┌────┐ ┌────┐
│    c    │ │ d  │ │ e  │
└─────────┘ └────┘ └────┘
     ▼
┌─────────┐
│    f    │
└─────────┘

┌───────────────────┐
│   spans across    │
└───────────────────┘

Edges:
  a ──► d
