---
source: crates/mermaid-text/tests/snapshots.rs
expression: out
---
 ╭─Active─────────────────────────────╮
 │                                    │
 │ ╭─────╮     ╭───────╮     ╭──────╮ │
 │ (  ●  )────▸│ Inner │────▸│ Done │ │
 │ ╰─────╯     ╰───────╯     ╰──────╯ │
 │                                    │
 ╰────────────────────────────────────╯
