---
source: crates/mermaid-text/tests/snapshots.rs
expression: out
---
 ┌────────┐             ┌───────┐
 │  User  │             │  API  │
 └────────┘             └───────┘
      ┆ POST /login         ┆
      ──────────────────────▸
      ┆ 200 OK              ██
      ◂──────────────────────█
      ┆                     ┆
 ┌────────┐             ┌───────┐
 │  User  │             │  API  │
 └────────┘             └───────┘
