---
source: crates/mermaid-text/tests/snapshots.rs
expression: out
---
┌────────────────┐
│     Fleet      │
├────────────────┤
│  +name String  │
└────────◇───────┘
         │
         contains
         │
         │
┌────────┼────────┐
│       Car       │
├─────────────────┤
│  +model String  ◇
│  +drive() void  │
└────────◆────────│
         │        │  uses
         has      │
         │        │
         │        │
┌────────┼────────┼─┐    ┌─────────────────┐
│      Engine     │ │    │      Wheel      │
├─────────────────┼─┼────┼─────────────────┤
│  +horsepower int  │    │  +diameter int  │
│  +start() void    │    └─────────────────┘
└───────────────────┘
