---
source: crates/mermaid-text/tests/snapshots.rs
assertion_line: 171
expression: out
---
 ╭─Alpha─────────────╮      ╭─Beta──────────────╮      ╭─Gamma─────────────╮
 │                   │      │                   │      │                   │
 │ ┌────┐     ┌────┐ │      │ ┌────┐     ┌────┐ │      │ ┌────┐     ┌────┐ │
 │ │ A1 │────▸│ A2 │─┼──────┼▸│ B1 │────▸│ B2 │─┼──────┼▸│ G1 │────▸│ G2 │ │
 │ └────┘     └────┘ │      │ └────┘     └────┘ │      │ └────┘     └────┘ │
 │                   │      │                   │      │                   │
 ╰───────────────────╯      ╰───────────────────╯      ╰───────────────────╯
