---
source: crates/mermaid-text/tests/snapshots.rs
expression: out
---
          ┌───┐
         [38;2;255;0;0m▸[0m│ B │[0m
         [38;2;255;0;0m│[0m└───┘[0m
┌───┐[38;2;255;0;0m────┘[0m[0m
│ A │
└───┘[38;2;0;255;0m────┐[0m[0m
         [38;2;0;255;0m│[0m┌───┐[0m
         [38;2;0;255;0m▸[0m│ C │[0m
          └───┘
