---
source: crates/mermaid-text/tests/snapshots.rs
expression: out
---
 ┌──────┐      ┌──────┐
 │  A   │      │  B   │
 └──────┘      └──────┘
     ┆             ┆
╔═[loop]══[daily]═══════╗
║░░░░┆░░░░░░░░░░░░░┆░░░░║
║░░░░┆░░░░░░░░░░░░░┆░░░░║
║▒▒▒▒┆▒tick▒▒▒▒▒▒▒▒┆▒▒▒▒║
║▒▒▒▒──────────────▸▒▒▒▒║
║▒▒▒▒┆▒▒▒▒▒▒▒▒▒▒▒▒▒┆▒▒▒▒║
║░░░░┆░░░░░░░░░░░░░┆░░░░║
║░░░░┆░░░░░░░░░░░░░┆░░░░║
╚═══════════════════════╝
     ┆             ┆
 ┌──────┐      ┌──────┐
 │  A   │      │  B   │
 └──────┘      └──────┘
