---
source: crates/mermaid-text/tests/snapshots.rs
expression: out
---
┌─────────────────┐
│     Animal      │
├─────────────────┤
│  +name String   │
│  +speak() void  │
└────────△────────┘
         │
         │
         │
         │
┌────────┼────────┐
│       Dog       │
├─────────────────┤
│  +breed String  │
│  +fetch() void  │
└────────△────────┘
         │
         │
         │
         │
┌────────┼────────────┐
│   GoldenRetriever   │
├─────────────────────┤
│  +loves_water bool  │
└─────────────────────┘
