---
source: crates/mermaid-text/tests/snapshots.rs
assertion_line: 856
expression: out
---
╭─────╮
(  ●  )────────────────────────┐
╰─────╯                        │
                               ▸╭──────╮     ╭─────────╮
                                │ Idle │────▸│ Working │
                               ─╰──────╯     ╰─────────╯
╭─────────────────────────╮    ┆
│  worker pool size = 4   │    ┆
│ shared with retry queue │┄┄┄┄┘
╰─────────────────────────╯
