---
source: crates/mermaid-text/tests/snapshots.rs
expression: out
---
┌────────────────────────────────────┐
│         VeryLongClassName          │
├────────────────────────────────────┤
│  +attributeWithLongName String     │
│  +computeSomethingExpensive() int  │
└──────────────────┼─────────────────┘
                   │
                   │
                   │
                   │
┌────────────▴─────┼─────┐
│  AnotherLongClassName  │
├────────────────────────┤
│  +flag bool            │
└────────────────────────┘
