---
source: crates/mermaid-text/tests/snapshots.rs
expression: out
---
                                 Browser Share

Chrome   ██████████████████████████████████░░░░░░░░░░░░░░░░░░░░░░░   60.0%  (60)
Firefox  ██████████████░░░░░░░░░░░░░░░░░░░░░░░░░░░░░░░░░░░░░░░░░░░   25.0%  (25)
Safari   █████████░░░░░░░░░░░░░░░░░░░░░░░░░░░░░░░░░░░░░░░░░░░░░░░░   15.0%  (15)
